<html>
<body>
<pre>
<h1>µVision Build Log</h1>
<h2>Tool Versions:</h2>
IDE-Version: µVision V5.38.0.0
Copyright (C) 2022 ARM Ltd and ARM Germany GmbH. All rights reserved.
License Information: l l, l, LIC=----
 
Tool Versions:
Toolchain:       MDK-Lite  Version: 5.38.0.0
Toolchain Path:  C:\Keil_v5\ARM\ARMCLANG\Bin
C Compiler:      ArmClang.exe V6.19
Assembler:       Armasm.exe V6.19
Linker/Locator:  ArmLink.exe V6.19
Library Manager: ArmAr.exe V6.19
Hex Converter:   FromElf.exe V6.19
CPU DLL:         SARMCM3.DLL V5.38.0.0
Dialog DLL:      DARMP1.DLL V1.28.1.0
Target DLL:      UL2CM3.DLL V1.164.8.0
Dialog DLL:      TARMP1.DLL V1.27.1.0
 
<h2>Project:</h2>
D:\ARM\L1\l1q1.uvproj
Project File Date:  02/07/2023

<h2>Output:</h2>
*** Using Compiler 'V6.19', folder: 'C:\Keil_v5\ARM\ARMCLANG\Bin'
Build target 'Target 1'
"l1q1.s", line 19: Warning: A1447W: Missing END directive at end of file, but found a label named END
   19 00000004 
"l1q1.s", line 16: Warning: A1581W: Added 2 bytes of padding at address 0xa
   16 0000000c  AREA mydata, DATA, READWRITE
0 Errors, 2 Warnings
assembling l1q1.s...
linking...
Program Size: Code=16 RO-data=8 RW-data=4 ZI-data=0  
".\Objects\l1q1.axf" - 0 Error(s), 0 Warning(s).
Build Time Elapsed:  00:00:01
</pre>
</body>
</html>
